
> frontend@0.0.0 build
> tsc -b && vite build

[36mvite v7.3.1 [32mbuilding client environment for production...[36m[39m
transforming...
[32mÔ£ô[39m 11 modules transformed.
node.exe : 
[31mÔ£ù[39m Build 
failed in 419ms
Au caractère Ligne:1 
: 1
+ & "C:\Program Files
\nodejs/node.exe" 
"C:\Program 
Files\nodejs/node_mo 
...
+ ~~~~~~~~~~~~~~~~~~~
~~~~~~~~~~~~~~~~~~~~~
~~~~~~~~~~~~~~~~~~~~~
~~~~~~~~
    + CategoryInfo   
           : NotSpe  
  cified: ([31mÔ£   
 ù[39m Build fai    
led in 419ms:Str    
ing) [], RemoteE    
xception
    + FullyQualified 
   ErrorId : Native  
  CommandError
 
[31merror during 
build:
[31m[@tailwindcss/vi
te:generate:build] 
Cannot convert 
undefined or null to 
object[31m
file: [36mC:/Users/S
INFORMATIQUE/OneDrive
 - SIBM/Documents/Dev
/Moulinette/frontend/
src/index.css[31m
    at B.generate (fi
le:///C:/Users/SINFOR
MATIQUE/OneDrive%20-%
20SIBM/Documents/Dev/
Moulinette/frontend/n
ode_modules/@tailwind
css/vite/dist/index.m
js:1:5598)
    at async 
Object.transform (fil
e:///C:/Users/SINFORM
ATIQUE/OneDrive%20-%2
0SIBM/Documents/Dev/M
oulinette/frontend/no
de_modules/@tailwindc
ss/vite/dist/index.mj
s:1:3630)
    at async 
transform (file:///C:
/Users/SINFORMATIQUE/
OneDrive%20-%20SIBM/D
ocuments/Dev/Moulinet
te/frontend/node_modu
les/rollup/dist/es/sh
ared/node-entry.js:21
283:16)
    at async ModuleLo
ader.addModuleSource 
(file:///C:/Users/SIN
FORMATIQUE/OneDrive%2
0-%20SIBM/Documents/D
ev/Moulinette/fronten
d/node_modules/rollup
/dist/es/shared/node-
entry.js:21497:36)[3
9m
